// Vitest Snapshot v1, https://vitest.dev/guide/snapshot.html

exports[`button 1`] = `
{
  "asFragment": [Function],
  "baseElement": <body>
    <div />
    <div>
      <button
        class="px-4 py-3 rounded-t-md rounded-b-md disabled:opacity-50 disabled:cursor-not-allowed bg-primary-500 text-light hover:bg-primary-700 active:bg-primary-800 disabled:bg-primary-200 disabled:text-dark dark:bg-primary-500 dark:text-dark dark:hover:bg-primary-300 dark:active:bg-primary-200 dark:disabled:bg-primary-800 dark:disabled:text-light"
      />
    </div>
  </body>,
  "container": <div>
    <button
      class="px-4 py-3 rounded-t-md rounded-b-md disabled:opacity-50 disabled:cursor-not-allowed bg-primary-500 text-light hover:bg-primary-700 active:bg-primary-800 disabled:bg-primary-200 disabled:text-dark dark:bg-primary-500 dark:text-dark dark:hover:bg-primary-300 dark:active:bg-primary-200 dark:disabled:bg-primary-800 dark:disabled:text-light"
    />
  </div>,
  "debug": [Function],
  "findAllByAltText": [Function],
  "findAllByDisplayValue": [Function],
  "findAllByLabelText": [Function],
  "findAllByPlaceholderText": [Function],
  "findAllByRole": [Function],
  "findAllByTestId": [Function],
  "findAllByText": [Function],
  "findAllByTitle": [Function],
  "findByAltText": [Function],
  "findByDisplayValue": [Function],
  "findByLabelText": [Function],
  "findByPlaceholderText": [Function],
  "findByRole": [Function],
  "findByTestId": [Function],
  "findByText": [Function],
  "findByTitle": [Function],
  "getAllByAltText": [Function],
  "getAllByDisplayValue": [Function],
  "getAllByLabelText": [Function],
  "getAllByPlaceholderText": [Function],
  "getAllByRole": [Function],
  "getAllByTestId": [Function],
  "getAllByText": [Function],
  "getAllByTitle": [Function],
  "getByAltText": [Function],
  "getByDisplayValue": [Function],
  "getByLabelText": [Function],
  "getByPlaceholderText": [Function],
  "getByRole": [Function],
  "getByTestId": [Function],
  "getByText": [Function],
  "getByTitle": [Function],
  "queryAllByAltText": [Function],
  "queryAllByDisplayValue": [Function],
  "queryAllByLabelText": [Function],
  "queryAllByPlaceholderText": [Function],
  "queryAllByRole": [Function],
  "queryAllByTestId": [Function],
  "queryAllByText": [Function],
  "queryAllByTitle": [Function],
  "queryByAltText": [Function],
  "queryByDisplayValue": [Function],
  "queryByLabelText": [Function],
  "queryByPlaceholderText": [Function],
  "queryByRole": [Function],
  "queryByTestId": [Function],
  "queryByText": [Function],
  "queryByTitle": [Function],
  "rerender": [Function],
  "unmount": [Function],
}
`;
